Archive member included because of file (symbol)

.\CortexM3\ARM_GCC_473\Debug\PFinalWav.a(cyfitter_cfg.o)
                              .\CortexM3\ARM_GCC_473\Debug\Cm3Start.o (cyfitter_cfg)
.\CortexM3\ARM_GCC_473\Debug\PFinalWav.a(CyBootAsmGnu.o)
                              .\CortexM3\ARM_GCC_473\Debug\PFinalWav.a(cyfitter_cfg.o) (CyDelayCycles)
.\CortexM3\ARM_GCC_473\Debug\PFinalWav.a(CyLib.o)
                              .\CortexM3\ARM_GCC_473\Debug\Cm3Start.o (CyResetStatus)
.\CortexM3\ARM_GCC_473\Debug\PFinalWav.a(cyPm.o)
                              .\CortexM3\ARM_GCC_473\Debug\PFinalWav.a(CyLib.o) (CyPmReadStatus)
.\CortexM3\ARM_GCC_473\Debug\PFinalWav.a(VDAC8.o)
                              .\CortexM3\ARM_GCC_473\Debug\main.o (VDAC8_Start)
.\CortexM3\ARM_GCC_473\Debug\PFinalWav.a(Pin_Play_Pause.o)
                              .\CortexM3\ARM_GCC_473\Debug\main.o (Pin_Play_Pause_Read)
.\CortexM3\ARM_GCC_473\Debug\PFinalWav.a(isrWAV.o)
                              .\CortexM3\ARM_GCC_473\Debug\main.o (isrWAV_Start)
.\CortexM3\ARM_GCC_473\Debug\PFinalWav.a(LCD_Char.o)
                              .\CortexM3\ARM_GCC_473\Debug\main.o (LCD_Char_WriteControl)
.\CortexM3\ARM_GCC_473\Debug\PFinalWav.a(CyFlash.o)
                              .\CortexM3\ARM_GCC_473\Debug\PFinalWav.a(cyPm.o) (CyFlash_SetWaitCycles)
.\CortexM3\ARM_GCC_473\Debug\PFinalWav.a(CySpc.o)
                              .\CortexM3\ARM_GCC_473\Debug\PFinalWav.a(CyFlash.o) (CySpcStart)
c:/program files (x86)/cypress/psoc creator/3.0/psoc creator/import/gnu_cs/arm/4.7.3/bin/../lib/gcc/arm-none-eabi/4.7.3/../../../../arm-none-eabi/lib/armv7-m\libc_s.a(lib_a-__atexit2.o)
                              c:/program files (x86)/cypress/psoc creator/3.0/psoc creator/import/gnu_cs/arm/4.7.3/bin/../lib/gcc/arm-none-eabi/4.7.3/../../../../arm-none-eabi/lib/armv7-m/crt0.o (__register_exitproc)
c:/program files (x86)/cypress/psoc creator/3.0/psoc creator/import/gnu_cs/arm/4.7.3/bin/../lib/gcc/arm-none-eabi/4.7.3/../../../../arm-none-eabi/lib/armv7-m\libc_s.a(lib_a-exit.o)
                              c:/program files (x86)/cypress/psoc creator/3.0/psoc creator/import/gnu_cs/arm/4.7.3/bin/../lib/gcc/arm-none-eabi/4.7.3/../../../../arm-none-eabi/lib/armv7-m/crt0.o (exit)
c:/program files (x86)/cypress/psoc creator/3.0/psoc creator/import/gnu_cs/arm/4.7.3/bin/../lib/gcc/arm-none-eabi/4.7.3/../../../../arm-none-eabi/lib/armv7-m\libc_s.a(lib_a-fini.o)
                              c:/program files (x86)/cypress/psoc creator/3.0/psoc creator/import/gnu_cs/arm/4.7.3/bin/../lib/gcc/arm-none-eabi/4.7.3/../../../../arm-none-eabi/lib/armv7-m/crt0.o (__libc_fini_array)
c:/program files (x86)/cypress/psoc creator/3.0/psoc creator/import/gnu_cs/arm/4.7.3/bin/../lib/gcc/arm-none-eabi/4.7.3/../../../../arm-none-eabi/lib/armv7-m\libc_s.a(lib_a-impure.o)
                              c:/program files (x86)/cypress/psoc creator/3.0/psoc creator/import/gnu_cs/arm/4.7.3/bin/../lib/gcc/arm-none-eabi/4.7.3/../../../../arm-none-eabi/lib/armv7-m\libc_s.a(lib_a-exit.o) (_global_impure_ptr)
c:/program files (x86)/cypress/psoc creator/3.0/psoc creator/import/gnu_cs/arm/4.7.3/bin/../lib/gcc/arm-none-eabi/4.7.3/../../../../arm-none-eabi/lib/armv7-m\libc_s.a(lib_a-init.o)
                              c:/program files (x86)/cypress/psoc creator/3.0/psoc creator/import/gnu_cs/arm/4.7.3/bin/../lib/gcc/arm-none-eabi/4.7.3/../../../../arm-none-eabi/lib/armv7-m/crt0.o (__libc_init_array)
c:/program files (x86)/cypress/psoc creator/3.0/psoc creator/import/gnu_cs/arm/4.7.3/bin/../lib/gcc/arm-none-eabi/4.7.3/../../../../arm-none-eabi/lib/armv7-m\libc_s.a(lib_a-memcpy.o)
                              .\CortexM3\ARM_GCC_473\Debug\PFinalWav.a(cyfitter_cfg.o) (memcpy)
c:/program files (x86)/cypress/psoc creator/3.0/psoc creator/import/gnu_cs/arm/4.7.3/bin/../lib/gcc/arm-none-eabi/4.7.3/../../../../arm-none-eabi/lib/armv7-m\libc_s.a(lib_a-memset.o)
                              c:/program files (x86)/cypress/psoc creator/3.0/psoc creator/import/gnu_cs/arm/4.7.3/bin/../lib/gcc/arm-none-eabi/4.7.3/../../../../arm-none-eabi/lib/armv7-m/crt0.o (memset)
c:/program files (x86)/cypress/psoc creator/3.0/psoc creator/import/gnu_cs/arm/4.7.3/bin/../lib/gcc/arm-none-eabi/4.7.3/../../../../arm-none-eabi/lib/armv7-m\libc_s.a(lib_a-strncmp.o)
                              .\CortexM3\ARM_GCC_473\Debug\main.o (strncmp)

Allocating common symbols
Common symbol       size              file

intep               0x1               .\CortexM3\ARM_GCC_473\Debug\main.o
dieTemperature      0x2               .\CortexM3\ARM_GCC_473\Debug\PFinalWav.a(CyFlash.o)

Discarded input sections

 .text          0x00000000        0x0 c:/program files (x86)/cypress/psoc creator/3.0/psoc creator/import/gnu_cs/arm/4.7.3/bin/../lib/gcc/arm-none-eabi/4.7.3/armv7-m/crti.o
 .data          0x00000000        0x0 c:/program files (x86)/cypress/psoc creator/3.0/psoc creator/import/gnu_cs/arm/4.7.3/bin/../lib/gcc/arm-none-eabi/4.7.3/armv7-m/crti.o
 .bss           0x00000000        0x0 c:/program files (x86)/cypress/psoc creator/3.0/psoc creator/import/gnu_cs/arm/4.7.3/bin/../lib/gcc/arm-none-eabi/4.7.3/armv7-m/crti.o
 .data          0x00000000        0x4 c:/program files (x86)/cypress/psoc creator/3.0/psoc creator/import/gnu_cs/arm/4.7.3/bin/../lib/gcc/arm-none-eabi/4.7.3/armv7-m/crtbegin.o
 .text          0x00000000       0x70 c:/program files (x86)/cypress/psoc creator/3.0/psoc creator/import/gnu_cs/arm/4.7.3/bin/../lib/gcc/arm-none-eabi/4.7.3/../../../../arm-none-eabi/lib/armv7-m/crt0.o
 .data          0x00000000        0x0 c:/program files (x86)/cypress/psoc creator/3.0/psoc creator/import/gnu_cs/arm/4.7.3/bin/../lib/gcc/arm-none-eabi/4.7.3/../../../../arm-none-eabi/lib/armv7-m/crt0.o
 .bss           0x00000000        0x0 c:/program files (x86)/cypress/psoc creator/3.0/psoc creator/import/gnu_cs/arm/4.7.3/bin/../lib/gcc/arm-none-eabi/4.7.3/../../../../arm-none-eabi/lib/armv7-m/crt0.o
 .ARM.extab     0x00000000        0x0 c:/program files (x86)/cypress/psoc creator/3.0/psoc creator/import/gnu_cs/arm/4.7.3/bin/../lib/gcc/arm-none-eabi/4.7.3/../../../../arm-none-eabi/lib/armv7-m/crt0.o
 .ARM.exidx     0x00000000        0x8 c:/program files (x86)/cypress/psoc creator/3.0/psoc creator/import/gnu_cs/arm/4.7.3/bin/../lib/gcc/arm-none-eabi/4.7.3/../../../../arm-none-eabi/lib/armv7-m/crt0.o
 .text          0x00000000        0x0 .\CortexM3\ARM_GCC_473\Debug\main.o
 .bss           0x00000000        0x0 .\CortexM3\ARM_GCC_473\Debug\main.o
 .text          0x00000000        0x0 .\CortexM3\ARM_GCC_473\Debug\cymetadata.o
 .data          0x00000000        0x0 .\CortexM3\ARM_GCC_473\Debug\cymetadata.o
 .bss           0x00000000        0x0 .\CortexM3\ARM_GCC_473\Debug\cymetadata.o
 .text          0x00000000        0x0 .\CortexM3\ARM_GCC_473\Debug\Cm3Start.o
 .data          0x00000000        0x0 .\CortexM3\ARM_GCC_473\Debug\Cm3Start.o
 .bss           0x00000000        0x0 .\CortexM3\ARM_GCC_473\Debug\Cm3Start.o
 .text._exit    0x00000000       0x30 .\CortexM3\ARM_GCC_473\Debug\Cm3Start.o
 .text          0x00000000        0x0 .\CortexM3\ARM_GCC_473\Debug\PFinalWav.a(cyfitter_cfg.o)
 .data          0x00000000        0x0 .\CortexM3\ARM_GCC_473\Debug\PFinalWav.a(cyfitter_cfg.o)
 .bss           0x00000000        0x0 .\CortexM3\ARM_GCC_473\Debug\PFinalWav.a(cyfitter_cfg.o)
 .text.CYCONFIGCPYCODE
                0x00000000       0x20 .\CortexM3\ARM_GCC_473\Debug\PFinalWav.a(cyfitter_cfg.o)
 .text.SetAnalogRoutingPumps
                0x00000000       0x34 .\CortexM3\ARM_GCC_473\Debug\PFinalWav.a(cyfitter_cfg.o)
 .data          0x00000000        0x0 .\CortexM3\ARM_GCC_473\Debug\PFinalWav.a(CyBootAsmGnu.o)
 .bss           0x00000000        0x0 .\CortexM3\ARM_GCC_473\Debug\PFinalWav.a(CyBootAsmGnu.o)
 .text          0x00000000        0x0 .\CortexM3\ARM_GCC_473\Debug\PFinalWav.a(CyLib.o)
 .bss           0x00000000        0x0 .\CortexM3\ARM_GCC_473\Debug\PFinalWav.a(CyLib.o)
 .text.CyPLL_OUT_Start
                0x00000000       0xe0 .\CortexM3\ARM_GCC_473\Debug\PFinalWav.a(CyLib.o)
 .text.CyPLL_OUT_Stop
                0x00000000       0x28 .\CortexM3\ARM_GCC_473\Debug\PFinalWav.a(CyLib.o)
 .text.CyPLL_OUT_SetPQ
                0x00000000       0xac .\CortexM3\ARM_GCC_473\Debug\PFinalWav.a(CyLib.o)
 .text.CyPLL_OUT_SetSource
                0x00000000       0x60 .\CortexM3\ARM_GCC_473\Debug\PFinalWav.a(CyLib.o)
 .text.CyIMO_Start
                0x00000000       0xbc .\CortexM3\ARM_GCC_473\Debug\PFinalWav.a(CyLib.o)
 .text.CyIMO_Stop
                0x00000000       0x44 .\CortexM3\ARM_GCC_473\Debug\PFinalWav.a(CyLib.o)
 .text.CyUSB_PowerOnCheck
                0x00000000       0x70 .\CortexM3\ARM_GCC_473\Debug\PFinalWav.a(CyLib.o)
 .text.CyIMO_SetTrimValue
                0x00000000      0x160 .\CortexM3\ARM_GCC_473\Debug\PFinalWav.a(CyLib.o)
 .text.CyIMO_SetFreq
                0x00000000      0x224 .\CortexM3\ARM_GCC_473\Debug\PFinalWav.a(CyLib.o)
 .text.CyIMO_SetSource
                0x00000000       0xb0 .\CortexM3\ARM_GCC_473\Debug\PFinalWav.a(CyLib.o)
 .text.CyIMO_EnableDoubler
                0x00000000       0x28 .\CortexM3\ARM_GCC_473\Debug\PFinalWav.a(CyLib.o)
 .text.CyIMO_DisableDoubler
                0x00000000       0x28 .\CortexM3\ARM_GCC_473\Debug\PFinalWav.a(CyLib.o)
 .text.CyMasterClk_SetSource
                0x00000000       0x3c .\CortexM3\ARM_GCC_473\Debug\PFinalWav.a(CyLib.o)
 .text.CyMasterClk_SetDivider
                0x00000000       0x20 .\CortexM3\ARM_GCC_473\Debug\PFinalWav.a(CyLib.o)
 .text.CyBusClk_Internal_SetDivider
                0x00000000       0x98 .\CortexM3\ARM_GCC_473\Debug\PFinalWav.a(CyLib.o)
 .text.CyBusClk_SetDivider
                0x00000000       0xd0 .\CortexM3\ARM_GCC_473\Debug\PFinalWav.a(CyLib.o)
 .text.CyUsbClk_SetSource
                0x00000000       0x3c .\CortexM3\ARM_GCC_473\Debug\PFinalWav.a(CyLib.o)
 .text.CyILO_Start1K
                0x00000000       0x28 .\CortexM3\ARM_GCC_473\Debug\PFinalWav.a(CyLib.o)
 .text.CyILO_Stop1K
                0x00000000       0x28 .\CortexM3\ARM_GCC_473\Debug\PFinalWav.a(CyLib.o)
 .text.CyILO_Start100K
                0x00000000       0x28 .\CortexM3\ARM_GCC_473\Debug\PFinalWav.a(CyLib.o)
 .text.CyILO_Stop100K
                0x00000000       0x28 .\CortexM3\ARM_GCC_473\Debug\PFinalWav.a(CyLib.o)
 .text.CyILO_Enable33K
                0x00000000       0x28 .\CortexM3\ARM_GCC_473\Debug\PFinalWav.a(CyLib.o)
 .text.CyILO_Disable33K
                0x00000000       0x28 .\CortexM3\ARM_GCC_473\Debug\PFinalWav.a(CyLib.o)
 .text.CyILO_SetSource
                0x00000000       0x3c .\CortexM3\ARM_GCC_473\Debug\PFinalWav.a(CyLib.o)
 .text.CyILO_SetPowerMode
                0x00000000       0x5c .\CortexM3\ARM_GCC_473\Debug\PFinalWav.a(CyLib.o)
 .text.CyXTAL_32KHZ_Start
                0x00000000       0xa4 .\CortexM3\ARM_GCC_473\Debug\PFinalWav.a(CyLib.o)
 .text.CyXTAL_32KHZ_Stop
                0x00000000       0x64 .\CortexM3\ARM_GCC_473\Debug\PFinalWav.a(CyLib.o)
 .text.CyXTAL_32KHZ_ReadStatus
                0x00000000       0x20 .\CortexM3\ARM_GCC_473\Debug\PFinalWav.a(CyLib.o)
 .text.CyXTAL_32KHZ_SetPowerMode
                0x00000000       0xfc .\CortexM3\ARM_GCC_473\Debug\PFinalWav.a(CyLib.o)
 .text.CyXTAL_Start
                0x00000000      0x108 .\CortexM3\ARM_GCC_473\Debug\PFinalWav.a(CyLib.o)
 .text.CyXTAL_Stop
                0x00000000       0x28 .\CortexM3\ARM_GCC_473\Debug\PFinalWav.a(CyLib.o)
 .text.CyXTAL_EnableErrStatus
                0x00000000       0x28 .\CortexM3\ARM_GCC_473\Debug\PFinalWav.a(CyLib.o)
 .text.CyXTAL_DisableErrStatus
                0x00000000       0x28 .\CortexM3\ARM_GCC_473\Debug\PFinalWav.a(CyLib.o)
 .text.CyXTAL_ReadStatus
                0x00000000       0x2c .\CortexM3\ARM_GCC_473\Debug\PFinalWav.a(CyLib.o)
 .text.CyXTAL_EnableFaultRecovery
                0x00000000       0x28 .\CortexM3\ARM_GCC_473\Debug\PFinalWav.a(CyLib.o)
 .text.CyXTAL_DisableFaultRecovery
                0x00000000       0x28 .\CortexM3\ARM_GCC_473\Debug\PFinalWav.a(CyLib.o)
 .text.CyXTAL_SetStartup
                0x00000000       0x3c .\CortexM3\ARM_GCC_473\Debug\PFinalWav.a(CyLib.o)
 .text.CyXTAL_SetFbVoltage
                0x00000000       0x3c .\CortexM3\ARM_GCC_473\Debug\PFinalWav.a(CyLib.o)
 .text.CyXTAL_SetWdVoltage
                0x00000000       0x44 .\CortexM3\ARM_GCC_473\Debug\PFinalWav.a(CyLib.o)
 .text.CyHalt   0x00000000       0x18 .\CortexM3\ARM_GCC_473\Debug\PFinalWav.a(CyLib.o)
 .text.CySoftwareReset
                0x00000000       0x28 .\CortexM3\ARM_GCC_473\Debug\PFinalWav.a(CyLib.o)
 .text.CyDelayFreq
                0x00000000       0xa8 .\CortexM3\ARM_GCC_473\Debug\PFinalWav.a(CyLib.o)
 .text.CyWdtStart
                0x00000000       0xc4 .\CortexM3\ARM_GCC_473\Debug\PFinalWav.a(CyLib.o)
 .text.CyWdtClear
                0x00000000       0x18 .\CortexM3\ARM_GCC_473\Debug\PFinalWav.a(CyLib.o)
 .text.CyVdLvDigitEnable
                0x00000000       0xf4 .\CortexM3\ARM_GCC_473\Debug\PFinalWav.a(CyLib.o)
 .text.CyVdLvAnalogEnable
                0x00000000       0xf4 .\CortexM3\ARM_GCC_473\Debug\PFinalWav.a(CyLib.o)
 .text.CyVdLvDigitDisable
                0x00000000       0x58 .\CortexM3\ARM_GCC_473\Debug\PFinalWav.a(CyLib.o)
 .text.CyVdLvAnalogDisable
                0x00000000       0x58 .\CortexM3\ARM_GCC_473\Debug\PFinalWav.a(CyLib.o)
 .text.CyVdHvAnalogEnable
                0x00000000       0x7c .\CortexM3\ARM_GCC_473\Debug\PFinalWav.a(CyLib.o)
 .text.CyVdHvAnalogDisable
                0x00000000       0x28 .\CortexM3\ARM_GCC_473\Debug\PFinalWav.a(CyLib.o)
 .text.CyVdStickyStatus
                0x00000000       0x48 .\CortexM3\ARM_GCC_473\Debug\PFinalWav.a(CyLib.o)
 .text.CyVdRealTimeStatus
                0x00000000       0x30 .\CortexM3\ARM_GCC_473\Debug\PFinalWav.a(CyLib.o)
 .text.CyDisableInts
                0x00000000       0x3c .\CortexM3\ARM_GCC_473\Debug\PFinalWav.a(CyLib.o)
 .text.CyEnableInts
                0x00000000       0x2c .\CortexM3\ARM_GCC_473\Debug\PFinalWav.a(CyLib.o)
 .text.CyFlushCache
                0x00000000       0x7c .\CortexM3\ARM_GCC_473\Debug\PFinalWav.a(CyLib.o)
 .text.CyIntSetSysVector
                0x00000000       0x58 .\CortexM3\ARM_GCC_473\Debug\PFinalWav.a(CyLib.o)
 .text.CyIntGetSysVector
                0x00000000       0x40 .\CortexM3\ARM_GCC_473\Debug\PFinalWav.a(CyLib.o)
 .text.CyIntSetVector
                0x00000000       0x60 .\CortexM3\ARM_GCC_473\Debug\PFinalWav.a(CyLib.o)
 .text.CyIntGetVector
                0x00000000       0x44 .\CortexM3\ARM_GCC_473\Debug\PFinalWav.a(CyLib.o)
 .text.CyIntSetPriority
                0x00000000       0x4c .\CortexM3\ARM_GCC_473\Debug\PFinalWav.a(CyLib.o)
 .text.CyIntGetPriority
                0x00000000       0x3c .\CortexM3\ARM_GCC_473\Debug\PFinalWav.a(CyLib.o)
 .text.CyIntGetState
                0x00000000       0x48 .\CortexM3\ARM_GCC_473\Debug\PFinalWav.a(CyLib.o)
 .text          0x00000000        0x0 .\CortexM3\ARM_GCC_473\Debug\PFinalWav.a(cyPm.o)
 .data          0x00000000        0x0 .\CortexM3\ARM_GCC_473\Debug\PFinalWav.a(cyPm.o)
 .bss           0x00000000       0x44 .\CortexM3\ARM_GCC_473\Debug\PFinalWav.a(cyPm.o)
 .rodata        0x00000000       0x10 .\CortexM3\ARM_GCC_473\Debug\PFinalWav.a(cyPm.o)
 .text.CyPmSaveClocks
                0x00000000      0x354 .\CortexM3\ARM_GCC_473\Debug\PFinalWav.a(cyPm.o)
 .text.CyPmRestoreClocks
                0x00000000      0x3e4 .\CortexM3\ARM_GCC_473\Debug\PFinalWav.a(cyPm.o)
 .text.CyPmAltAct
                0x00000000      0x118 .\CortexM3\ARM_GCC_473\Debug\PFinalWav.a(cyPm.o)
 .text.CyPmSleep
                0x00000000      0x21c .\CortexM3\ARM_GCC_473\Debug\PFinalWav.a(cyPm.o)
 .text.CyPmHibernate
                0x00000000      0x1f0 .\CortexM3\ARM_GCC_473\Debug\PFinalWav.a(cyPm.o)
 .text.CyPmReadStatus
                0x00000000       0x78 .\CortexM3\ARM_GCC_473\Debug\PFinalWav.a(cyPm.o)
 .text.CyPmHibSaveSet
                0x00000000      0x138 .\CortexM3\ARM_GCC_473\Debug\PFinalWav.a(cyPm.o)
 .text.CyPmHibRestore
                0x00000000       0x94 .\CortexM3\ARM_GCC_473\Debug\PFinalWav.a(cyPm.o)
 .text.CyPmCtwSetInterval
                0x00000000       0xd8 .\CortexM3\ARM_GCC_473\Debug\PFinalWav.a(cyPm.o)
 .text.CyPmOppsSet
                0x00000000       0x58 .\CortexM3\ARM_GCC_473\Debug\PFinalWav.a(cyPm.o)
 .text.CyPmFtwSetInterval
                0x00000000       0xd8 .\CortexM3\ARM_GCC_473\Debug\PFinalWav.a(cyPm.o)
 .text.CyPmHibSlpSaveSet
                0x00000000      0x458 .\CortexM3\ARM_GCC_473\Debug\PFinalWav.a(cyPm.o)
 .text.CyPmHibSlpRestore
                0x00000000      0x270 .\CortexM3\ARM_GCC_473\Debug\PFinalWav.a(cyPm.o)
 .text.CyPmHviLviSaveDisable
                0x00000000      0x13c .\CortexM3\ARM_GCC_473\Debug\PFinalWav.a(cyPm.o)
 .text.CyPmHviLviRestore
                0x00000000       0x7c .\CortexM3\ARM_GCC_473\Debug\PFinalWav.a(cyPm.o)
 .text          0x00000000        0x0 .\CortexM3\ARM_GCC_473\Debug\PFinalWav.a(VDAC8.o)
 .data          0x00000000        0x0 .\CortexM3\ARM_GCC_473\Debug\PFinalWav.a(VDAC8.o)
 .text.VDAC8_Stop
                0x00000000       0x44 .\CortexM3\ARM_GCC_473\Debug\PFinalWav.a(VDAC8.o)
 .text          0x00000000        0x0 .\CortexM3\ARM_GCC_473\Debug\PFinalWav.a(Pin_Play_Pause.o)
 .data          0x00000000        0x0 .\CortexM3\ARM_GCC_473\Debug\PFinalWav.a(Pin_Play_Pause.o)
 .bss           0x00000000        0x0 .\CortexM3\ARM_GCC_473\Debug\PFinalWav.a(Pin_Play_Pause.o)
 .text.Pin_Play_Pause_Write
                0x00000000       0x44 .\CortexM3\ARM_GCC_473\Debug\PFinalWav.a(Pin_Play_Pause.o)
 .text.Pin_Play_Pause_SetDriveMode
                0x00000000       0x40 .\CortexM3\ARM_GCC_473\Debug\PFinalWav.a(Pin_Play_Pause.o)
 .text.Pin_Play_Pause_ReadDataReg
                0x00000000       0x24 .\CortexM3\ARM_GCC_473\Debug\PFinalWav.a(Pin_Play_Pause.o)
 .text          0x00000000        0x0 .\CortexM3\ARM_GCC_473\Debug\PFinalWav.a(isrWAV.o)
 .data          0x00000000        0x0 .\CortexM3\ARM_GCC_473\Debug\PFinalWav.a(isrWAV.o)
 .bss           0x00000000        0x0 .\CortexM3\ARM_GCC_473\Debug\PFinalWav.a(isrWAV.o)
 .text.isrWAV_StartEx
                0x00000000       0x28 .\CortexM3\ARM_GCC_473\Debug\PFinalWav.a(isrWAV.o)
 .text.isrWAV_Stop
                0x00000000       0x18 .\CortexM3\ARM_GCC_473\Debug\PFinalWav.a(isrWAV.o)
 .text.isrWAV_GetVector
                0x00000000       0x24 .\CortexM3\ARM_GCC_473\Debug\PFinalWav.a(isrWAV.o)
 .text.isrWAV_GetPriority
                0x00000000       0x28 .\CortexM3\ARM_GCC_473\Debug\PFinalWav.a(isrWAV.o)
 .text.isrWAV_GetState
                0x00000000       0x20 .\CortexM3\ARM_GCC_473\Debug\PFinalWav.a(isrWAV.o)
 .text.isrWAV_SetPending
                0x00000000       0x18 .\CortexM3\ARM_GCC_473\Debug\PFinalWav.a(isrWAV.o)
 .text.isrWAV_ClearPending
                0x00000000       0x18 .\CortexM3\ARM_GCC_473\Debug\PFinalWav.a(isrWAV.o)
 .text          0x00000000        0x0 .\CortexM3\ARM_GCC_473\Debug\PFinalWav.a(LCD_Char.o)
 .data          0x00000000        0x0 .\CortexM3\ARM_GCC_473\Debug\PFinalWav.a(LCD_Char.o)
 .text.LCD_Char_Stop
                0x00000000       0x1c .\CortexM3\ARM_GCC_473\Debug\PFinalWav.a(LCD_Char.o)
 .text.LCD_Char_Position
                0x00000000       0x78 .\CortexM3\ARM_GCC_473\Debug\PFinalWav.a(LCD_Char.o)
 .text.LCD_Char_PutChar
                0x00000000       0x1c .\CortexM3\ARM_GCC_473\Debug\PFinalWav.a(LCD_Char.o)
 .text.LCD_Char_PrintInt8
                0x00000000       0x44 .\CortexM3\ARM_GCC_473\Debug\PFinalWav.a(LCD_Char.o)
 .text.LCD_Char_PrintInt16
                0x00000000       0x2c .\CortexM3\ARM_GCC_473\Debug\PFinalWav.a(LCD_Char.o)
 .text.LCD_Char_PrintNumber
                0x00000000      0x104 .\CortexM3\ARM_GCC_473\Debug\PFinalWav.a(LCD_Char.o)
 .rodata        0x00000000       0x10 .\CortexM3\ARM_GCC_473\Debug\PFinalWav.a(LCD_Char.o)
 .text          0x00000000        0x0 .\CortexM3\ARM_GCC_473\Debug\PFinalWav.a(CyFlash.o)
 .data          0x00000000        0x0 .\CortexM3\ARM_GCC_473\Debug\PFinalWav.a(CyFlash.o)
 .bss           0x00000000        0x4 .\CortexM3\ARM_GCC_473\Debug\PFinalWav.a(CyFlash.o)
 .text.CyFlash_Start
                0x00000000       0x48 .\CortexM3\ARM_GCC_473\Debug\PFinalWav.a(CyFlash.o)
 .text.CyFlash_Stop
                0x00000000       0x44 .\CortexM3\ARM_GCC_473\Debug\PFinalWav.a(CyFlash.o)
 .text.CySetTempInt
                0x00000000       0x90 .\CortexM3\ARM_GCC_473\Debug\PFinalWav.a(CyFlash.o)
 .text.CySetTemp
                0x00000000       0x24 .\CortexM3\ARM_GCC_473\Debug\PFinalWav.a(CyFlash.o)
 .text.CySetFlashEEBuffer
                0x00000000       0x50 .\CortexM3\ARM_GCC_473\Debug\PFinalWav.a(CyFlash.o)
 .text.CyWriteRowData
                0x00000000       0xbc .\CortexM3\ARM_GCC_473\Debug\PFinalWav.a(CyFlash.o)
 .text.CyWriteRowFull
                0x00000000      0x120 .\CortexM3\ARM_GCC_473\Debug\PFinalWav.a(CyFlash.o)
 .text.CyFlash_SetWaitCycles
                0x00000000       0xc0 .\CortexM3\ARM_GCC_473\Debug\PFinalWav.a(CyFlash.o)
 .text.CyEEPROM_Start
                0x00000000       0x44 .\CortexM3\ARM_GCC_473\Debug\PFinalWav.a(CyFlash.o)
 .text.CyEEPROM_Stop
                0x00000000       0x44 .\CortexM3\ARM_GCC_473\Debug\PFinalWav.a(CyFlash.o)
 .text.CyEEPROM_ReadReserve
                0x00000000       0x3c .\CortexM3\ARM_GCC_473\Debug\PFinalWav.a(CyFlash.o)
 .text.CyEEPROM_ReadRelease
                0x00000000       0x20 .\CortexM3\ARM_GCC_473\Debug\PFinalWav.a(CyFlash.o)
 COMMON         0x00000000        0x2 .\CortexM3\ARM_GCC_473\Debug\PFinalWav.a(CyFlash.o)
 .text          0x00000000        0x0 .\CortexM3\ARM_GCC_473\Debug\PFinalWav.a(CySpc.o)
 .data          0x00000000        0x0 .\CortexM3\ARM_GCC_473\Debug\PFinalWav.a(CySpc.o)
 .bss           0x00000000        0x8 .\CortexM3\ARM_GCC_473\Debug\PFinalWav.a(CySpc.o)
 .text.CySpcStart
                0x00000000       0x58 .\CortexM3\ARM_GCC_473\Debug\PFinalWav.a(CySpc.o)
 .text.CySpcStop
                0x00000000       0x58 .\CortexM3\ARM_GCC_473\Debug\PFinalWav.a(CySpc.o)
 .text.CySpcReadData
                0x00000000       0x64 .\CortexM3\ARM_GCC_473\Debug\PFinalWav.a(CySpc.o)
 .text.CySpcLoadMultiByte
                0x00000000      0x11c .\CortexM3\ARM_GCC_473\Debug\PFinalWav.a(CySpc.o)
 .text.CySpcLoadRow
                0x00000000       0xbc .\CortexM3\ARM_GCC_473\Debug\PFinalWav.a(CySpc.o)
 .text.CySpcWriteRow
                0x00000000       0xcc .\CortexM3\ARM_GCC_473\Debug\PFinalWav.a(CySpc.o)
 .text.CySpcEraseSector
                0x00000000       0x9c .\CortexM3\ARM_GCC_473\Debug\PFinalWav.a(CySpc.o)
 .text.CySpcGetTemp
                0x00000000       0x8c .\CortexM3\ARM_GCC_473\Debug\PFinalWav.a(CySpc.o)
 .text.CySpcLock
                0x00000000       0x88 .\CortexM3\ARM_GCC_473\Debug\PFinalWav.a(CySpc.o)
 .text.CySpcUnlock
                0x00000000       0x68 .\CortexM3\ARM_GCC_473\Debug\PFinalWav.a(CySpc.o)
 .text          0x00000000        0x0 c:/program files (x86)/cypress/psoc creator/3.0/psoc creator/import/gnu_cs/arm/4.7.3/bin/../lib/gcc/arm-none-eabi/4.7.3/../../../../arm-none-eabi/lib/armv7-m\libc_s.a(lib_a-__atexit2.o)
 .data          0x00000000        0x0 c:/program files (x86)/cypress/psoc creator/3.0/psoc creator/import/gnu_cs/arm/4.7.3/bin/../lib/gcc/arm-none-eabi/4.7.3/../../../../arm-none-eabi/lib/armv7-m\libc_s.a(lib_a-__atexit2.o)
 .bss           0x00000000        0x0 c:/program files (x86)/cypress/psoc creator/3.0/psoc creator/import/gnu_cs/arm/4.7.3/bin/../lib/gcc/arm-none-eabi/4.7.3/../../../../arm-none-eabi/lib/armv7-m\libc_s.a(lib_a-__atexit2.o)
 .text.__register_exitproc
                0x00000000       0x14 c:/program files (x86)/cypress/psoc creator/3.0/psoc creator/import/gnu_cs/arm/4.7.3/bin/../lib/gcc/arm-none-eabi/4.7.3/../../../../arm-none-eabi/lib/armv7-m\libc_s.a(lib_a-__atexit2.o)
 .text          0x00000000        0x0 c:/program files (x86)/cypress/psoc creator/3.0/psoc creator/import/gnu_cs/arm/4.7.3/bin/../lib/gcc/arm-none-eabi/4.7.3/../../../../arm-none-eabi/lib/armv7-m\libc_s.a(lib_a-exit.o)
 .data          0x00000000        0x0 c:/program files (x86)/cypress/psoc creator/3.0/psoc creator/import/gnu_cs/arm/4.7.3/bin/../lib/gcc/arm-none-eabi/4.7.3/../../../../arm-none-eabi/lib/armv7-m\libc_s.a(lib_a-exit.o)
 .bss           0x00000000        0x0 c:/program files (x86)/cypress/psoc creator/3.0/psoc creator/import/gnu_cs/arm/4.7.3/bin/../lib/gcc/arm-none-eabi/4.7.3/../../../../arm-none-eabi/lib/armv7-m\libc_s.a(lib_a-exit.o)
 .text.exit     0x00000000       0x2c c:/program files (x86)/cypress/psoc creator/3.0/psoc creator/import/gnu_cs/arm/4.7.3/bin/../lib/gcc/arm-none-eabi/4.7.3/../../../../arm-none-eabi/lib/armv7-m\libc_s.a(lib_a-exit.o)
 .text          0x00000000        0x0 c:/program files (x86)/cypress/psoc creator/3.0/psoc creator/import/gnu_cs/arm/4.7.3/bin/../lib/gcc/arm-none-eabi/4.7.3/../../../../arm-none-eabi/lib/armv7-m\libc_s.a(lib_a-fini.o)
 .data          0x00000000        0x0 c:/program files (x86)/cypress/psoc creator/3.0/psoc creator/import/gnu_cs/arm/4.7.3/bin/../lib/gcc/arm-none-eabi/4.7.3/../../../../arm-none-eabi/lib/armv7-m\libc_s.a(lib_a-fini.o)
 .bss           0x00000000        0x0 c:/program files (x86)/cypress/psoc creator/3.0/psoc creator/import/gnu_cs/arm/4.7.3/bin/../lib/gcc/arm-none-eabi/4.7.3/../../../../arm-none-eabi/lib/armv7-m\libc_s.a(lib_a-fini.o)
 .text.__libc_fini_array
                0x00000000       0x2c c:/program files (x86)/cypress/psoc creator/3.0/psoc creator/import/gnu_cs/arm/4.7.3/bin/../lib/gcc/arm-none-eabi/4.7.3/../../../../arm-none-eabi/lib/armv7-m\libc_s.a(lib_a-fini.o)
 .text          0x00000000        0x0 c:/program files (x86)/cypress/psoc creator/3.0/psoc creator/import/gnu_cs/arm/4.7.3/bin/../lib/gcc/arm-none-eabi/4.7.3/../../../../arm-none-eabi/lib/armv7-m\libc_s.a(lib_a-impure.o)
 .data          0x00000000        0x0 c:/program files (x86)/cypress/psoc creator/3.0/psoc creator/import/gnu_cs/arm/4.7.3/bin/../lib/gcc/arm-none-eabi/4.7.3/../../../../arm-none-eabi/lib/armv7-m\libc_s.a(lib_a-impure.o)
 .bss           0x00000000        0x0 c:/program files (x86)/cypress/psoc creator/3.0/psoc creator/import/gnu_cs/arm/4.7.3/bin/../lib/gcc/arm-none-eabi/4.7.3/../../../../arm-none-eabi/lib/armv7-m\libc_s.a(lib_a-impure.o)
 .data.impure_data
                0x00000000       0x64 c:/program files (x86)/cypress/psoc creator/3.0/psoc creator/import/gnu_cs/arm/4.7.3/bin/../lib/gcc/arm-none-eabi/4.7.3/../../../../arm-none-eabi/lib/armv7-m\libc_s.a(lib_a-impure.o)
 .data._impure_ptr
                0x00000000        0x4 c:/program files (x86)/cypress/psoc creator/3.0/psoc creator/import/gnu_cs/arm/4.7.3/bin/../lib/gcc/arm-none-eabi/4.7.3/../../../../arm-none-eabi/lib/armv7-m\libc_s.a(lib_a-impure.o)
 .rodata.str1.1
                0x00000000        0x2 c:/program files (x86)/cypress/psoc creator/3.0/psoc creator/import/gnu_cs/arm/4.7.3/bin/../lib/gcc/arm-none-eabi/4.7.3/../../../../arm-none-eabi/lib/armv7-m\libc_s.a(lib_a-impure.o)
 .rodata._global_impure_ptr
                0x00000000        0x4 c:/program files (x86)/cypress/psoc creator/3.0/psoc creator/import/gnu_cs/arm/4.7.3/bin/../lib/gcc/arm-none-eabi/4.7.3/../../../../arm-none-eabi/lib/armv7-m\libc_s.a(lib_a-impure.o)
 .text          0x00000000        0x0 c:/program files (x86)/cypress/psoc creator/3.0/psoc creator/import/gnu_cs/arm/4.7.3/bin/../lib/gcc/arm-none-eabi/4.7.3/../../../../arm-none-eabi/lib/armv7-m\libc_s.a(lib_a-init.o)
 .data          0x00000000        0x0 c:/program files (x86)/cypress/psoc creator/3.0/psoc creator/import/gnu_cs/arm/4.7.3/bin/../lib/gcc/arm-none-eabi/4.7.3/../../../../arm-none-eabi/lib/armv7-m\libc_s.a(lib_a-init.o)
 .bss           0x00000000        0x0 c:/program files (x86)/cypress/psoc creator/3.0/psoc creator/import/gnu_cs/arm/4.7.3/bin/../lib/gcc/arm-none-eabi/4.7.3/../../../../arm-none-eabi/lib/armv7-m\libc_s.a(lib_a-init.o)
 .text          0x00000000        0x0 c:/program files (x86)/cypress/psoc creator/3.0/psoc creator/import/gnu_cs/arm/4.7.3/bin/../lib/gcc/arm-none-eabi/4.7.3/../../../../arm-none-eabi/lib/armv7-m\libc_s.a(lib_a-memcpy.o)
 .data          0x00000000        0x0 c:/program files (x86)/cypress/psoc creator/3.0/psoc creator/import/gnu_cs/arm/4.7.3/bin/../lib/gcc/arm-none-eabi/4.7.3/../../../../arm-none-eabi/lib/armv7-m\libc_s.a(lib_a-memcpy.o)
 .bss           0x00000000        0x0 c:/program files (x86)/cypress/psoc creator/3.0/psoc creator/import/gnu_cs/arm/4.7.3/bin/../lib/gcc/arm-none-eabi/4.7.3/../../../../arm-none-eabi/lib/armv7-m\libc_s.a(lib_a-memcpy.o)
 .text          0x00000000        0x0 c:/program files (x86)/cypress/psoc creator/3.0/psoc creator/import/gnu_cs/arm/4.7.3/bin/../lib/gcc/arm-none-eabi/4.7.3/../../../../arm-none-eabi/lib/armv7-m\libc_s.a(lib_a-memset.o)
 .data          0x00000000        0x0 c:/program files (x86)/cypress/psoc creator/3.0/psoc creator/import/gnu_cs/arm/4.7.3/bin/../lib/gcc/arm-none-eabi/4.7.3/../../../../arm-none-eabi/lib/armv7-m\libc_s.a(lib_a-memset.o)
 .bss           0x00000000        0x0 c:/program files (x86)/cypress/psoc creator/3.0/psoc creator/import/gnu_cs/arm/4.7.3/bin/../lib/gcc/arm-none-eabi/4.7.3/../../../../arm-none-eabi/lib/armv7-m\libc_s.a(lib_a-memset.o)
 .text          0x00000000        0x0 c:/program files (x86)/cypress/psoc creator/3.0/psoc creator/import/gnu_cs/arm/4.7.3/bin/../lib/gcc/arm-none-eabi/4.7.3/../../../../arm-none-eabi/lib/armv7-m\libc_s.a(lib_a-strncmp.o)
 .data          0x00000000        0x0 c:/program files (x86)/cypress/psoc creator/3.0/psoc creator/import/gnu_cs/arm/4.7.3/bin/../lib/gcc/arm-none-eabi/4.7.3/../../../../arm-none-eabi/lib/armv7-m\libc_s.a(lib_a-strncmp.o)
 .bss           0x00000000        0x0 c:/program files (x86)/cypress/psoc creator/3.0/psoc creator/import/gnu_cs/arm/4.7.3/bin/../lib/gcc/arm-none-eabi/4.7.3/../../../../arm-none-eabi/lib/armv7-m\libc_s.a(lib_a-strncmp.o)
 .text          0x00000000        0x0 c:/program files (x86)/cypress/psoc creator/3.0/psoc creator/import/gnu_cs/arm/4.7.3/bin/../lib/gcc/arm-none-eabi/4.7.3/armv7-m/crtend.o
 .data          0x00000000        0x0 c:/program files (x86)/cypress/psoc creator/3.0/psoc creator/import/gnu_cs/arm/4.7.3/bin/../lib/gcc/arm-none-eabi/4.7.3/armv7-m/crtend.o
 .bss           0x00000000        0x0 c:/program files (x86)/cypress/psoc creator/3.0/psoc creator/import/gnu_cs/arm/4.7.3/bin/../lib/gcc/arm-none-eabi/4.7.3/armv7-m/crtend.o
 .text          0x00000000        0x0 c:/program files (x86)/cypress/psoc creator/3.0/psoc creator/import/gnu_cs/arm/4.7.3/bin/../lib/gcc/arm-none-eabi/4.7.3/armv7-m/crtn.o
 .data          0x00000000        0x0 c:/program files (x86)/cypress/psoc creator/3.0/psoc creator/import/gnu_cs/arm/4.7.3/bin/../lib/gcc/arm-none-eabi/4.7.3/armv7-m/crtn.o
 .bss           0x00000000        0x0 c:/program files (x86)/cypress/psoc creator/3.0/psoc creator/import/gnu_cs/arm/4.7.3/bin/../lib/gcc/arm-none-eabi/4.7.3/armv7-m/crtn.o

Memory Configuration

Name             Origin             Length             Attributes
rom              0x00000000         0x00040000         xr
ram              0x1fff8000         0x00010000         xrw
*default*        0x00000000         0xffffffff

Linker script and memory map

LOAD c:/program files (x86)/cypress/psoc creator/3.0/psoc creator/import/gnu_cs/arm/4.7.3/bin/../lib/gcc/arm-none-eabi/4.7.3/armv7-m/crti.o
LOAD c:/program files (x86)/cypress/psoc creator/3.0/psoc creator/import/gnu_cs/arm/4.7.3/bin/../lib/gcc/arm-none-eabi/4.7.3/armv7-m/crtbegin.o
LOAD c:/program files (x86)/cypress/psoc creator/3.0/psoc creator/import/gnu_cs/arm/4.7.3/bin/../lib/gcc/arm-none-eabi/4.7.3/../../../../arm-none-eabi/lib/armv7-m/crt0.o
START GROUP
LOAD .\CortexM3\ARM_GCC_473\Debug\main.o
LOAD .\CortexM3\ARM_GCC_473\Debug\cymetadata.o
LOAD .\CortexM3\ARM_GCC_473\Debug\Cm3Start.o
LOAD .\CortexM3\ARM_GCC_473\Debug\PFinalWav.a
LOAD C:\Program Files (x86)\Cypress\PSoC Creator\3.0\PSoC Creator\psoc\content\cycomponentlibrary\CyComponentLibrary.cylib\CortexM3\ARM_GCC_473\Debug\CyComponentLibrary.a
END GROUP
START GROUP
LOAD c:/program files (x86)/cypress/psoc creator/3.0/psoc creator/import/gnu_cs/arm/4.7.3/bin/../lib/gcc/arm-none-eabi/4.7.3/armv7-m\libgcc.a
LOAD c:/program files (x86)/cypress/psoc creator/3.0/psoc creator/import/gnu_cs/arm/4.7.3/bin/../lib/gcc/arm-none-eabi/4.7.3/../../../../arm-none-eabi/lib/armv7-m\libc_s.a
END GROUP
LOAD c:/program files (x86)/cypress/psoc creator/3.0/psoc creator/import/gnu_cs/arm/4.7.3/bin/../lib/gcc/arm-none-eabi/4.7.3/armv7-m/crtend.o
LOAD c:/program files (x86)/cypress/psoc creator/3.0/psoc creator/import/gnu_cs/arm/4.7.3/bin/../lib/gcc/arm-none-eabi/4.7.3/armv7-m/crtn.o
START GROUP
LOAD c:/program files (x86)/cypress/psoc creator/3.0/psoc creator/import/gnu_cs/arm/4.7.3/bin/../lib/gcc/arm-none-eabi/4.7.3/armv7-m\libgcc.a
LOAD c:/program files (x86)/cypress/psoc creator/3.0/psoc creator/import/gnu_cs/arm/4.7.3/bin/../lib/gcc/arm-none-eabi/4.7.3/../../../../arm-none-eabi/lib/armv7-m\libc.a
LOAD c:/program files (x86)/cypress/psoc creator/3.0/psoc creator/import/gnu_cs/arm/4.7.3/bin/../lib/gcc/arm-none-eabi/4.7.3/../../../../arm-none-eabi/lib/armv7-m\libnosys.a
END GROUP
                0x00000000                CY_APPL_ORIGIN = 0x0
                0x00000100                CY_FLASH_ROW_SIZE = 0x100
                0x00000020                CY_ECC_ROW_SIZE = 0x20
                0x00000000                CY_EE_IN_BTLDR = 0x0
                0x00000000                CY_APPL_LOADABLE = 0x0
                0x00000800                CY_EE_SIZE = 0x800
                0x00000001                CY_APPL_NUM = 0x1
                0x00000001                CY_APPL_MAX = 0x1
                0x00000040                CY_METADATA_SIZE = 0x40
                0x1fffe2e8                PROVIDE (__cy_heap_start, _end)
                0x00000001                PROVIDE (__cy_region_num, ((__cy_regions_end - __cy_regions) / 0x10))
                0x20008000                PROVIDE (__cy_stack, (ORIGIN (ram) + 0x10000))
                0x20004000                PROVIDE (__cy_heap_end, (__cy_stack - 0x4000))

.cybootloader   0x00000000        0x0
 *(.cybootloader)
                0x00000000                appl1_start = CY_APPL_ORIGIN?CY_APPL_ORIGIN:ALIGN (CY_FLASH_ROW_SIZE)
                0x0001ff00                appl2_start = (appl1_start + ALIGN ((((0x40000 - appl1_start) - (0x2 * CY_FLASH_ROW_SIZE)) / 0x2), CY_FLASH_ROW_SIZE))
                0x00000000                appl_start = (CY_APPL_NUM == 0x1)?appl1_start:appl2_start
                0x00000000                ecc_offset = ((appl_start / CY_FLASH_ROW_SIZE) * CY_ECC_ROW_SIZE)
                0x00000000                ee_offset = (CY_APPL_LOADABLE && ! (CY_EE_IN_BTLDR))?((CY_EE_SIZE / CY_APPL_MAX) * (CY_APPL_NUM - 0x1)):0x0
                0x00000800                ee_size = (CY_APPL_LOADABLE && ! (CY_EE_IN_BTLDR))?(CY_EE_SIZE / CY_APPL_MAX):CY_EE_SIZE
                0x00000000                PROVIDE (CY_ECC_OFFSET, ecc_offset)

.text           0x00000000     0x11f8
 CREATE_OBJECT_SYMBOLS
                0x00000000                PROVIDE (__cy_interrupt_vector, RomVectors)
 *(.romvectors)
 .romvectors    0x00000000       0x10 .\CortexM3\ARM_GCC_473\Debug\Cm3Start.o
                0x00000000                RomVectors
                0x00000001                ASSERT ((. != __cy_interrupt_vector), No interrupt vector)
                0x00000001                ASSERT (CY_APPL_ORIGIN?(SIZEOF (.cybootloader) <= CY_APPL_ORIGIN):0x1, Wrong image location)
                0x00000010                PROVIDE (__cy_reset, Reset)
 *(.text.Reset)
 .text.Reset    0x00000010       0x1c .\CortexM3\ARM_GCC_473\Debug\Cm3Start.o
                0x00000010                Reset
                0x00000001                ASSERT ((. != __cy_reset), No reset code)
 *(.dma_init)
                0x00000001                ASSERT ((((appl_start + .) <= 0x10000) || 0x1), DMA Init must be within the first 64k of flash)
 *(.text .text.* .gnu.linkonce.t.*)
 .text          0x0000002c       0x54 c:/program files (x86)/cypress/psoc creator/3.0/psoc creator/import/gnu_cs/arm/4.7.3/bin/../lib/gcc/arm-none-eabi/4.7.3/armv7-m/crtbegin.o
 .text.setInteger
                0x00000080       0x1c .\CortexM3\ARM_GCC_473\Debug\main.o
                0x00000080                setInteger
 .text.readRiffChunk
                0x0000009c       0x88 .\CortexM3\ARM_GCC_473\Debug\main.o
                0x0000009c                readRiffChunk
 .text.readFmtSubChunk
                0x00000124       0xcc .\CortexM3\ARM_GCC_473\Debug\main.o
                0x00000124                readFmtSubChunk
 .text.readDataSubChunk
                0x000001f0       0x54 .\CortexM3\ARM_GCC_473\Debug\main.o
                0x000001f0                readDataSubChunk
 .text.isrWAV_Interrupts
                0x00000244       0x18 .\CortexM3\ARM_GCC_473\Debug\main.o
 .text.main     0x0000025c      0x158 .\CortexM3\ARM_GCC_473\Debug\main.o
                0x0000025c                main
 .text.IntDefaultHandler
                0x000003b4        0x8 .\CortexM3\ARM_GCC_473\Debug\Cm3Start.o
                0x000003b4                IntDefaultHandler
 .text.Start_c  0x000003bc       0xcc .\CortexM3\ARM_GCC_473\Debug\Cm3Start.o
                0x000003bc                Start_c
 .text.initialize_psoc
                0x00000488       0xb4 .\CortexM3\ARM_GCC_473\Debug\Cm3Start.o
                0x00000488                initialize_psoc
 .text.CYMEMZERO
                0x0000053c       0x20 .\CortexM3\ARM_GCC_473\Debug\PFinalWav.a(cyfitter_cfg.o)
 .text.CYCONFIGCPY
                0x0000055c       0x20 .\CortexM3\ARM_GCC_473\Debug\PFinalWav.a(cyfitter_cfg.o)
 .text.CyClockStartupError
                0x0000057c        0xc .\CortexM3\ARM_GCC_473\Debug\PFinalWav.a(cyfitter_cfg.o)
 .text.cfg_write_bytes32
                0x00000588       0x84 .\CortexM3\ARM_GCC_473\Debug\PFinalWav.a(cyfitter_cfg.o)
 .text.ClockSetup
                0x0000060c      0x150 .\CortexM3\ARM_GCC_473\Debug\PFinalWav.a(cyfitter_cfg.o)
 .text.AnalogSetDefault
                0x0000075c       0x6c .\CortexM3\ARM_GCC_473\Debug\PFinalWav.a(cyfitter_cfg.o)
 .text.cyfitter_cfg
                0x000007c8      0x19c .\CortexM3\ARM_GCC_473\Debug\PFinalWav.a(cyfitter_cfg.o)
                0x000007c8                cyfitter_cfg
 *fill*         0x00000964        0x4 00
 .text          0x00000968       0x28 .\CortexM3\ARM_GCC_473\Debug\PFinalWav.a(CyBootAsmGnu.o)
                0x00000968                CyDelayCycles
                0x0000097c                CyEnterCriticalSection
                0x00000984                CyExitCriticalSection
 .text.CyDelay  0x00000990       0x48 .\CortexM3\ARM_GCC_473\Debug\PFinalWav.a(CyLib.o)
                0x00000990                CyDelay
 .text.CyDelayUs
                0x000009d8       0x28 .\CortexM3\ARM_GCC_473\Debug\PFinalWav.a(CyLib.o)
                0x000009d8                CyDelayUs
 .text.VDAC8_Init
                0x00000a00       0x34 .\CortexM3\ARM_GCC_473\Debug\PFinalWav.a(VDAC8.o)
                0x00000a00                VDAC8_Init
 .text.VDAC8_Enable
                0x00000a34       0x44 .\CortexM3\ARM_GCC_473\Debug\PFinalWav.a(VDAC8.o)
                0x00000a34                VDAC8_Enable
 .text.VDAC8_Start
                0x00000a78       0x34 .\CortexM3\ARM_GCC_473\Debug\PFinalWav.a(VDAC8.o)
                0x00000a78                VDAC8_Start
 .text.VDAC8_SetSpeed
                0x00000aac       0x54 .\CortexM3\ARM_GCC_473\Debug\PFinalWav.a(VDAC8.o)
                0x00000aac                VDAC8_SetSpeed
 .text.VDAC8_SetRange
                0x00000b00       0x54 .\CortexM3\ARM_GCC_473\Debug\PFinalWav.a(VDAC8.o)
                0x00000b00                VDAC8_SetRange
 .text.VDAC8_SetValue
                0x00000b54       0x20 .\CortexM3\ARM_GCC_473\Debug\PFinalWav.a(VDAC8.o)
                0x00000b54                VDAC8_SetValue
 .text.VDAC8_DacTrim
                0x00000b74       0x44 .\CortexM3\ARM_GCC_473\Debug\PFinalWav.a(VDAC8.o)
                0x00000b74                VDAC8_DacTrim
 .text.Pin_Play_Pause_Read
                0x00000bb8       0x24 .\CortexM3\ARM_GCC_473\Debug\PFinalWav.a(Pin_Play_Pause.o)
                0x00000bb8                Pin_Play_Pause_Read
 .text.isrWAV_Start
                0x00000bdc       0x24 .\CortexM3\ARM_GCC_473\Debug\PFinalWav.a(isrWAV.o)
                0x00000bdc                isrWAV_Start
 .text.isrWAV_Interrupt
                0x00000c00        0xc .\CortexM3\ARM_GCC_473\Debug\PFinalWav.a(isrWAV.o)
                0x00000c00                isrWAV_Interrupt
 .text.isrWAV_SetVector
                0x00000c0c       0x28 .\CortexM3\ARM_GCC_473\Debug\PFinalWav.a(isrWAV.o)
                0x00000c0c                isrWAV_SetVector
 .text.isrWAV_SetPriority
                0x00000c34       0x28 .\CortexM3\ARM_GCC_473\Debug\PFinalWav.a(isrWAV.o)
                0x00000c34                isrWAV_SetPriority
 .text.isrWAV_Enable
                0x00000c5c       0x18 .\CortexM3\ARM_GCC_473\Debug\PFinalWav.a(isrWAV.o)
                0x00000c5c                isrWAV_Enable
 .text.isrWAV_Disable
                0x00000c74       0x18 .\CortexM3\ARM_GCC_473\Debug\PFinalWav.a(isrWAV.o)
                0x00000c74                isrWAV_Disable
 .text.LCD_Char_Init
                0x00000c8c       0x90 .\CortexM3\ARM_GCC_473\Debug\PFinalWav.a(LCD_Char.o)
                0x00000c8c                LCD_Char_Init
 .text.LCD_Char_Enable
                0x00000d1c       0x1c .\CortexM3\ARM_GCC_473\Debug\PFinalWav.a(LCD_Char.o)
                0x00000d1c                LCD_Char_Enable
 .text.LCD_Char_Start
                0x00000d38       0x2c .\CortexM3\ARM_GCC_473\Debug\PFinalWav.a(LCD_Char.o)
                0x00000d38                LCD_Char_Start
 .text.LCD_Char_PrintString
                0x00000d64       0x40 .\CortexM3\ARM_GCC_473\Debug\PFinalWav.a(LCD_Char.o)
                0x00000d64                LCD_Char_PrintString
 .text.LCD_Char_WriteData
                0x00000da4       0x38 .\CortexM3\ARM_GCC_473\Debug\PFinalWav.a(LCD_Char.o)
                0x00000da4                LCD_Char_WriteData
 .text.LCD_Char_WriteControl
                0x00000ddc       0x38 .\CortexM3\ARM_GCC_473\Debug\PFinalWav.a(LCD_Char.o)
                0x00000ddc                LCD_Char_WriteControl
 .text.LCD_Char_IsReady
                0x00000e14      0x208 .\CortexM3\ARM_GCC_473\Debug\PFinalWav.a(LCD_Char.o)
                0x00000e14                LCD_Char_IsReady
 .text.LCD_Char_WrDatNib
                0x0000101c       0xb0 .\CortexM3\ARM_GCC_473\Debug\PFinalWav.a(LCD_Char.o)
 .text.LCD_Char_WrCntrlNib
                0x000010cc       0x90 .\CortexM3\ARM_GCC_473\Debug\PFinalWav.a(LCD_Char.o)
 .text.__libc_init_array
                0x0000115c       0x4c c:/program files (x86)/cypress/psoc creator/3.0/psoc creator/import/gnu_cs/arm/4.7.3/bin/../lib/gcc/arm-none-eabi/4.7.3/../../../../arm-none-eabi/lib/armv7-m\libc_s.a(lib_a-init.o)
                0x0000115c                __libc_init_array
 .text.memcpy   0x000011a8       0x12 c:/program files (x86)/cypress/psoc creator/3.0/psoc creator/import/gnu_cs/arm/4.7.3/bin/../lib/gcc/arm-none-eabi/4.7.3/../../../../arm-none-eabi/lib/armv7-m\libc_s.a(lib_a-memcpy.o)
                0x000011a8                memcpy
 .text.memset   0x000011ba       0x10 c:/program files (x86)/cypress/psoc creator/3.0/psoc creator/import/gnu_cs/arm/4.7.3/bin/../lib/gcc/arm-none-eabi/4.7.3/../../../../arm-none-eabi/lib/armv7-m\libc_s.a(lib_a-memset.o)
                0x000011ba                memset
 .text.strncmp  0x000011ca       0x2e c:/program files (x86)/cypress/psoc creator/3.0/psoc creator/import/gnu_cs/arm/4.7.3/bin/../lib/gcc/arm-none-eabi/4.7.3/../../../../arm-none-eabi/lib/armv7-m\libc_s.a(lib_a-strncmp.o)
                0x000011ca                strncmp
 *(.plt)
 *(.gnu.warning)
 *(.glue_7t)
 .glue_7t       0x00000000        0x0 linker stubs
 *(.glue_7)
 .glue_7        0x00000000        0x0 linker stubs
 *(.vfp11_veneer)
 .vfp11_veneer  0x00000000        0x0 linker stubs
 *(.bootloader)
 *(.ARM.extab* .gnu.linkonce.armextab.*)
 *(.gcc_except_table)

.v4_bx          0x000011f8        0x0
 .v4_bx         0x00000000        0x0 linker stubs

.iplt           0x000011f8        0x0
 .iplt          0x00000000        0x0 c:/program files (x86)/cypress/psoc creator/3.0/psoc creator/import/gnu_cs/arm/4.7.3/bin/../lib/gcc/arm-none-eabi/4.7.3/armv7-m/crtbegin.o

.eh_frame_hdr
 *(.eh_frame_hdr)

.eh_frame       0x000011f8        0x4
 *(.eh_frame)
 .eh_frame      0x000011f8        0x0 c:/program files (x86)/cypress/psoc creator/3.0/psoc creator/import/gnu_cs/arm/4.7.3/bin/../lib/gcc/arm-none-eabi/4.7.3/armv7-m/crtbegin.o
 .eh_frame      0x000011f8        0x4 c:/program files (x86)/cypress/psoc creator/3.0/psoc creator/import/gnu_cs/arm/4.7.3/bin/../lib/gcc/arm-none-eabi/4.7.3/armv7-m/crtend.o
                0x000011fc                PROVIDE (__exidx_start, .)

.ARM.exidx
 *(.ARM.exidx* .gnu.linkonce.armexidx.*)
                0x000011fc                __exidx_end = .

.rodata         0x000011fc       0xcc
 *(.rodata .rodata.* .gnu.linkonce.r.*)
 .rodata        0x000011fc       0x68 .\CortexM3\ARM_GCC_473\Debug\main.o
 .rodata        0x00001264       0x30 .\CortexM3\ARM_GCC_473\Debug\PFinalWav.a(cyfitter_cfg.o)
                0x00001294                . = ALIGN (0x4)
 *(.init)
 .init          0x00001294        0x4 c:/program files (x86)/cypress/psoc creator/3.0/psoc creator/import/gnu_cs/arm/4.7.3/bin/../lib/gcc/arm-none-eabi/4.7.3/armv7-m/crti.o
                0x00001294                _init
 .init          0x00001298        0x8 c:/program files (x86)/cypress/psoc creator/3.0/psoc creator/import/gnu_cs/arm/4.7.3/bin/../lib/gcc/arm-none-eabi/4.7.3/armv7-m/crtn.o
                0x000012a0                . = ALIGN (0x4)
                0x000012a0                __preinit_array_start = .
 *(.preinit_array)
                0x000012a0                __preinit_array_end = .
                0x000012a0                . = ALIGN (0x4)
                0x000012a0                __init_array_start = .
 *(SORT(.init_array.*))
 *(.init_array)
 .init_array    0x000012a0        0x4 c:/program files (x86)/cypress/psoc creator/3.0/psoc creator/import/gnu_cs/arm/4.7.3/bin/../lib/gcc/arm-none-eabi/4.7.3/armv7-m/crtbegin.o
 .init_array    0x000012a4        0x4 .\CortexM3\ARM_GCC_473\Debug\Cm3Start.o
                0x000012a8                __init_array_end = .
                0x000012a8                . = ALIGN (0x4)
 *(.fini)
 .fini          0x000012a8        0x4 c:/program files (x86)/cypress/psoc creator/3.0/psoc creator/import/gnu_cs/arm/4.7.3/bin/../lib/gcc/arm-none-eabi/4.7.3/armv7-m/crti.o
                0x000012a8                _fini
 .fini          0x000012ac        0x8 c:/program files (x86)/cypress/psoc creator/3.0/psoc creator/import/gnu_cs/arm/4.7.3/bin/../lib/gcc/arm-none-eabi/4.7.3/armv7-m/crtn.o
                0x000012b4                . = ALIGN (0x4)
                0x000012b4                __fini_array_start = .
 *(.fini_array)
 .fini_array    0x000012b4        0x4 c:/program files (x86)/cypress/psoc creator/3.0/psoc creator/import/gnu_cs/arm/4.7.3/bin/../lib/gcc/arm-none-eabi/4.7.3/armv7-m/crtbegin.o
 *(SORT(.fini_array.*))
                0x000012b8                __fini_array_end = .
                0x000012b8                . = ALIGN (0x4)
 *crtbegin.o(.ctors)
 *(EXCLUDE_FILE(*crtend.o) .ctors)
 *(SORT(.ctors.*))
 *crtend.o(.ctors)
                0x000012b8                . = ALIGN (0x4)
 *crtbegin.o(.dtors)
 *(EXCLUDE_FILE(*crtend.o) .dtors)
 *(SORT(.dtors.*))
 *crtend.o(.dtors)
                0x000012b8                . = ALIGN (0x4)
                0x000012b8                __cy_regions = .
                0x000012b8        0x4 LONG 0x12c8 __cy_region_init_ram
                0x000012bc        0x4 LONG 0x1fff8108 __cy_region_start_data
                0x000012c0        0x4 LONG 0x61c0 __cy_region_init_size_ram
                0x000012c4        0x4 LONG 0x20 __cy_region_zero_size_ram
                0x000012c8                __cy_regions_end = .
                0x000012c8                . = ALIGN (0x8)
                0x000012c8                _etext = .

.ramvectors     0x1fff8000      0x100
                0x1fff8000                __cy_region_start_ram = .
 *(.ramvectors)
 .ramvectors    0x1fff8000      0x100 .\CortexM3\ARM_GCC_473\Debug\Cm3Start.o
                0x1fff8000                CyRamVectors

.noinit         0x1fff8100        0x5
 *(.noinit)
 .noinit        0x1fff8100        0x4 .\CortexM3\ARM_GCC_473\Debug\Cm3Start.o
 .noinit        0x1fff8104        0x1 .\CortexM3\ARM_GCC_473\Debug\PFinalWav.a(CyLib.o)
                0x1fff8104                CyResetStatus

.data           0x1fff8108     0x61c0 load address 0x000012c8
                0x1fff8108                __cy_region_start_data = .
 *(.jcr)
 .jcr           0x1fff8108        0x0 c:/program files (x86)/cypress/psoc creator/3.0/psoc creator/import/gnu_cs/arm/4.7.3/bin/../lib/gcc/arm-none-eabi/4.7.3/armv7-m/crtbegin.o
 .jcr           0x1fff8108        0x4 c:/program files (x86)/cypress/psoc creator/3.0/psoc creator/import/gnu_cs/arm/4.7.3/bin/../lib/gcc/arm-none-eabi/4.7.3/armv7-m/crtend.o
 *(.got.plt)
 *(.got)
 *(.shdata)
 *(.data .data.* .gnu.linkonce.d.*)
 .data          0x1fff810c     0x61a8 .\CortexM3\ARM_GCC_473\Debug\main.o
                0x1fff810c                wave
 .data          0x1fffe2b4       0x10 .\CortexM3\ARM_GCC_473\Debug\PFinalWav.a(CyLib.o)
                0x1fffe2b4                cydelay_freq_hz
                0x1fffe2b8                cydelay_freq_khz
                0x1fffe2bc                cydelay_freq_mhz
                0x1fffe2c0                cydelay_32k_ms
                0x1fffe2c8                . = ALIGN (0x8)
 *fill*         0x1fffe2c4        0x4 00
 *(.ram)
                0x1fffe2c8                _edata = .

.igot.plt       0x1fffe2c8        0x0 load address 0x00007488
 .igot.plt      0x00000000        0x0 c:/program files (x86)/cypress/psoc creator/3.0/psoc creator/import/gnu_cs/arm/4.7.3/bin/../lib/gcc/arm-none-eabi/4.7.3/armv7-m/crtbegin.o

.bss            0x1fffe2c8       0x20 load address 0x00007488
                0x1fffe2c8                PROVIDE (__bss_start__, .)
 *(.shbss)
 *(.bss .bss.* .gnu.linkonce.b.*)
 .bss           0x1fffe2c8       0x1c c:/program files (x86)/cypress/psoc creator/3.0/psoc creator/import/gnu_cs/arm/4.7.3/bin/../lib/gcc/arm-none-eabi/4.7.3/armv7-m/crtbegin.o
 .bss           0x1fffe2e4        0x1 .\CortexM3\ARM_GCC_473\Debug\PFinalWav.a(VDAC8.o)
                0x1fffe2e4                VDAC8_initVar
 .bss           0x1fffe2e5        0x2 .\CortexM3\ARM_GCC_473\Debug\PFinalWav.a(LCD_Char.o)
                0x1fffe2e5                LCD_Char_enableState
                0x1fffe2e6                LCD_Char_initVar
 *(COMMON)
 COMMON         0x1fffe2e7        0x1 .\CortexM3\ARM_GCC_473\Debug\main.o
                0x1fffe2e7                intep
                0x1fffe2e8                . = ALIGN (0x8)
 *(.ram.b)
                0x1fffe2e8                _end = .
                0x1fffe2e8                __end = .
                0x1fffe2e8                PROVIDE (end, .)
                0x1fffe2e8                PROVIDE (__bss_end__, .)
                0x000012c8                __cy_region_init_ram = LOADADDR (.data)
                0x000061c0                __cy_region_init_size_ram = (_edata - ADDR (.data))
                0x00000020                __cy_region_zero_size_ram = (_end - _edata)

.heap           0x1fffe2e8     0x1000 load address 0x00007488
                0x1fffe2e8                . = _end
                0x1ffff2e8                . = (. + 0x1000)
 *fill*         0x1fffe2e8     0x1000 00
                0x1ffff2e8                __cy_heap_limit = .

.stack          0x20004000     0x4000
                0x20004000                __cy_stack_limit = .
                0x20008000                . = (. + 0x4000)
 *fill*         0x20004000     0x4000 00
                0x00000001                ASSERT ((__cy_stack_limit >= __cy_heap_limit), region RAM overflowed with stack)

.cyloadermeta
 *(.cyloadermeta)

.cyloadablemeta
 *(.cyloadablemeta)

.cyconfigecc    0x80000000       0x4c
 *(.cyconfigecc)
 .cyconfigecc   0x80000000       0x4c .\CortexM3\ARM_GCC_473\Debug\cymetadata.o
                0x80000000                cy_meta_configecc

.cycustnvl      0x90000000        0x4
 *(.cycustnvl)
 .cycustnvl     0x90000000        0x4 .\CortexM3\ARM_GCC_473\Debug\cymetadata.o
                0x90000000                cy_meta_custnvl

.cywolatch      0x90100000        0x4
 *(.cywolatch)
 .cywolatch     0x90100000        0x4 .\CortexM3\ARM_GCC_473\Debug\cymetadata.o
                0x90100000                cy_meta_wonvl

.cyeeprom       0x90200000        0x0
 *(.cyeeprom)
                0x00000001                ASSERT ((. <= ((0x90200000 + ee_offset) + ee_size)), .cyeeprom data will not fit in EEPROM)

.cyflashprotect
                0x90400000      0x100
 *(.cyflashprotect)
 .cyflashprotect
                0x90400000      0x100 .\CortexM3\ARM_GCC_473\Debug\cymetadata.o
                0x90400000                cy_meta_flashprotect

.cymeta         0x90500000        0xc
 *(.cymeta)
 .cymeta        0x90500000        0xc .\CortexM3\ARM_GCC_473\Debug\cymetadata.o
                0x90500000                cy_metadata

.rel.dyn        0x00007488        0x0 load address 0x9050000c
 .rel.iplt      0x00000000        0x0 c:/program files (x86)/cypress/psoc creator/3.0/psoc creator/import/gnu_cs/arm/4.7.3/bin/../lib/gcc/arm-none-eabi/4.7.3/armv7-m/crtbegin.o

.stab
 *(.stab)

.stabstr
 *(.stabstr)

.debug
 *(.debug)

.line
 *(.line)

.debug_srcinfo
 *(.debug_srcinfo)

.debug_sfnames
 *(.debug_sfnames)

.debug_aranges  0x00000000      0x648
 *(.debug_aranges)
 .debug_aranges
                0x00000000       0x48 .\CortexM3\ARM_GCC_473\Debug\main.o
 .debug_aranges
                0x00000048       0x18 .\CortexM3\ARM_GCC_473\Debug\cymetadata.o
 .debug_aranges
                0x00000060       0x40 .\CortexM3\ARM_GCC_473\Debug\Cm3Start.o
 .debug_aranges
                0x000000a0       0x60 .\CortexM3\ARM_GCC_473\Debug\PFinalWav.a(cyfitter_cfg.o)
 .debug_aranges
                0x00000100       0x20 .\CortexM3\ARM_GCC_473\Debug\PFinalWav.a(CyBootAsmGnu.o)
 .debug_aranges
                0x00000120      0x218 .\CortexM3\ARM_GCC_473\Debug\PFinalWav.a(CyLib.o)
 .debug_aranges
                0x00000338       0x90 .\CortexM3\ARM_GCC_473\Debug\PFinalWav.a(cyPm.o)
 .debug_aranges
                0x000003c8       0x58 .\CortexM3\ARM_GCC_473\Debug\PFinalWav.a(VDAC8.o)
 .debug_aranges
                0x00000420       0x38 .\CortexM3\ARM_GCC_473\Debug\PFinalWav.a(Pin_Play_Pause.o)
 .debug_aranges
                0x00000458       0x80 .\CortexM3\ARM_GCC_473\Debug\PFinalWav.a(isrWAV.o)
 .debug_aranges
                0x000004d8       0x90 .\CortexM3\ARM_GCC_473\Debug\PFinalWav.a(LCD_Char.o)
 .debug_aranges
                0x00000568       0x78 .\CortexM3\ARM_GCC_473\Debug\PFinalWav.a(CyFlash.o)
 .debug_aranges
                0x000005e0       0x68 .\CortexM3\ARM_GCC_473\Debug\PFinalWav.a(CySpc.o)

.debug_pubnames
 *(.debug_pubnames)

.debug_info     0x00000000     0x2eb9
 *(.debug_info .gnu.linkonce.wi.*)
 .debug_info    0x00000000      0x347 .\CortexM3\ARM_GCC_473\Debug\main.o
 .debug_info    0x00000347      0x13e .\CortexM3\ARM_GCC_473\Debug\cymetadata.o
 .debug_info    0x00000485      0x2ea .\CortexM3\ARM_GCC_473\Debug\Cm3Start.o
 .debug_info    0x0000076f      0x3c0 .\CortexM3\ARM_GCC_473\Debug\PFinalWav.a(cyfitter_cfg.o)
 .debug_info    0x00000b2f       0x95 .\CortexM3\ARM_GCC_473\Debug\PFinalWav.a(CyBootAsmGnu.o)
 .debug_info    0x00000bc4      0xcd7 .\CortexM3\ARM_GCC_473\Debug\PFinalWav.a(CyLib.o)
 .debug_info    0x0000189b      0x5c3 .\CortexM3\ARM_GCC_473\Debug\PFinalWav.a(cyPm.o)
 .debug_info    0x00001e5e      0x1b0 .\CortexM3\ARM_GCC_473\Debug\PFinalWav.a(VDAC8.o)
 .debug_info    0x0000200e      0x134 .\CortexM3\ARM_GCC_473\Debug\PFinalWav.a(Pin_Play_Pause.o)
 .debug_info    0x00002142      0x278 .\CortexM3\ARM_GCC_473\Debug\PFinalWav.a(isrWAV.o)
 .debug_info    0x000023ba      0x3d2 .\CortexM3\ARM_GCC_473\Debug\PFinalWav.a(LCD_Char.o)
 .debug_info    0x0000278c      0x354 .\CortexM3\ARM_GCC_473\Debug\PFinalWav.a(CyFlash.o)
 .debug_info    0x00002ae0      0x3d9 .\CortexM3\ARM_GCC_473\Debug\PFinalWav.a(CySpc.o)

.debug_abbrev   0x00000000      0xeba
 *(.debug_abbrev)
 .debug_abbrev  0x00000000      0x11f .\CortexM3\ARM_GCC_473\Debug\main.o
 .debug_abbrev  0x0000011f       0x5d .\CortexM3\ARM_GCC_473\Debug\cymetadata.o
 .debug_abbrev  0x0000017c      0x175 .\CortexM3\ARM_GCC_473\Debug\Cm3Start.o
 .debug_abbrev  0x000002f1      0x19f .\CortexM3\ARM_GCC_473\Debug\PFinalWav.a(cyfitter_cfg.o)
 .debug_abbrev  0x00000490       0x14 .\CortexM3\ARM_GCC_473\Debug\PFinalWav.a(CyBootAsmGnu.o)
 .debug_abbrev  0x000004a4      0x207 .\CortexM3\ARM_GCC_473\Debug\PFinalWav.a(CyLib.o)
 .debug_abbrev  0x000006ab      0x170 .\CortexM3\ARM_GCC_473\Debug\PFinalWav.a(cyPm.o)
 .debug_abbrev  0x0000081b       0xed .\CortexM3\ARM_GCC_473\Debug\PFinalWav.a(VDAC8.o)
 .debug_abbrev  0x00000908       0x92 .\CortexM3\ARM_GCC_473\Debug\PFinalWav.a(Pin_Play_Pause.o)
 .debug_abbrev  0x0000099a      0x12d .\CortexM3\ARM_GCC_473\Debug\PFinalWav.a(isrWAV.o)
 .debug_abbrev  0x00000ac7      0x122 .\CortexM3\ARM_GCC_473\Debug\PFinalWav.a(LCD_Char.o)
 .debug_abbrev  0x00000be9      0x172 .\CortexM3\ARM_GCC_473\Debug\PFinalWav.a(CyFlash.o)
 .debug_abbrev  0x00000d5b      0x15f .\CortexM3\ARM_GCC_473\Debug\PFinalWav.a(CySpc.o)

.debug_line     0x00000000     0x18d0
 *(.debug_line)
 .debug_line    0x00000000      0x1cd .\CortexM3\ARM_GCC_473\Debug\main.o
 .debug_line    0x000001cd       0x53 .\CortexM3\ARM_GCC_473\Debug\cymetadata.o
 .debug_line    0x00000220      0x1b0 .\CortexM3\ARM_GCC_473\Debug\Cm3Start.o
 .debug_line    0x000003d0      0x1f8 .\CortexM3\ARM_GCC_473\Debug\PFinalWav.a(cyfitter_cfg.o)
 .debug_line    0x000005c8       0x68 .\CortexM3\ARM_GCC_473\Debug\PFinalWav.a(CyBootAsmGnu.o)
 .debug_line    0x00000630      0x73b .\CortexM3\ARM_GCC_473\Debug\PFinalWav.a(CyLib.o)
 .debug_line    0x00000d6b      0x347 .\CortexM3\ARM_GCC_473\Debug\PFinalWav.a(cyPm.o)
 .debug_line    0x000010b2       0xf2 .\CortexM3\ARM_GCC_473\Debug\PFinalWav.a(VDAC8.o)
 .debug_line    0x000011a4       0x9f .\CortexM3\ARM_GCC_473\Debug\PFinalWav.a(Pin_Play_Pause.o)
 .debug_line    0x00001243      0x141 .\CortexM3\ARM_GCC_473\Debug\PFinalWav.a(isrWAV.o)
 .debug_line    0x00001384      0x1fe .\CortexM3\ARM_GCC_473\Debug\PFinalWav.a(LCD_Char.o)
 .debug_line    0x00001582      0x1a7 .\CortexM3\ARM_GCC_473\Debug\PFinalWav.a(CyFlash.o)
 .debug_line    0x00001729      0x1a7 .\CortexM3\ARM_GCC_473\Debug\PFinalWav.a(CySpc.o)

.debug_frame    0x00000000     0x1478
 *(.debug_frame)
 .debug_frame   0x00000000       0xc8 .\CortexM3\ARM_GCC_473\Debug\main.o
 .debug_frame   0x000000c8       0xa4 .\CortexM3\ARM_GCC_473\Debug\Cm3Start.o
 .debug_frame   0x0000016c      0x120 .\CortexM3\ARM_GCC_473\Debug\PFinalWav.a(cyfitter_cfg.o)
 .debug_frame   0x0000028c      0x778 .\CortexM3\ARM_GCC_473\Debug\PFinalWav.a(CyLib.o)
 .debug_frame   0x00000a04      0x1d0 .\CortexM3\ARM_GCC_473\Debug\PFinalWav.a(cyPm.o)
 .debug_frame   0x00000bd4       0xf4 .\CortexM3\ARM_GCC_473\Debug\PFinalWav.a(VDAC8.o)
 .debug_frame   0x00000cc8       0x80 .\CortexM3\ARM_GCC_473\Debug\PFinalWav.a(Pin_Play_Pause.o)
 .debug_frame   0x00000d48      0x180 .\CortexM3\ARM_GCC_473\Debug\PFinalWav.a(isrWAV.o)
 .debug_frame   0x00000ec8      0x1e0 .\CortexM3\ARM_GCC_473\Debug\PFinalWav.a(LCD_Char.o)
 .debug_frame   0x000010a8      0x178 .\CortexM3\ARM_GCC_473\Debug\PFinalWav.a(CyFlash.o)
 .debug_frame   0x00001220      0x13c .\CortexM3\ARM_GCC_473\Debug\PFinalWav.a(CySpc.o)
 .debug_frame   0x0000135c       0x28 c:/program files (x86)/cypress/psoc creator/3.0/psoc creator/import/gnu_cs/arm/4.7.3/bin/../lib/gcc/arm-none-eabi/4.7.3/../../../../arm-none-eabi/lib/armv7-m\libc_s.a(lib_a-__atexit2.o)
 .debug_frame   0x00001384       0x28 c:/program files (x86)/cypress/psoc creator/3.0/psoc creator/import/gnu_cs/arm/4.7.3/bin/../lib/gcc/arm-none-eabi/4.7.3/../../../../arm-none-eabi/lib/armv7-m\libc_s.a(lib_a-exit.o)
 .debug_frame   0x000013ac       0x2c c:/program files (x86)/cypress/psoc creator/3.0/psoc creator/import/gnu_cs/arm/4.7.3/bin/../lib/gcc/arm-none-eabi/4.7.3/../../../../arm-none-eabi/lib/armv7-m\libc_s.a(lib_a-fini.o)
 .debug_frame   0x000013d8       0x2c c:/program files (x86)/cypress/psoc creator/3.0/psoc creator/import/gnu_cs/arm/4.7.3/bin/../lib/gcc/arm-none-eabi/4.7.3/../../../../arm-none-eabi/lib/armv7-m\libc_s.a(lib_a-init.o)
 .debug_frame   0x00001404       0x28 c:/program files (x86)/cypress/psoc creator/3.0/psoc creator/import/gnu_cs/arm/4.7.3/bin/../lib/gcc/arm-none-eabi/4.7.3/../../../../arm-none-eabi/lib/armv7-m\libc_s.a(lib_a-memcpy.o)
 .debug_frame   0x0000142c       0x20 c:/program files (x86)/cypress/psoc creator/3.0/psoc creator/import/gnu_cs/arm/4.7.3/bin/../lib/gcc/arm-none-eabi/4.7.3/../../../../arm-none-eabi/lib/armv7-m\libc_s.a(lib_a-memset.o)
 .debug_frame   0x0000144c       0x2c c:/program files (x86)/cypress/psoc creator/3.0/psoc creator/import/gnu_cs/arm/4.7.3/bin/../lib/gcc/arm-none-eabi/4.7.3/../../../../arm-none-eabi/lib/armv7-m\libc_s.a(lib_a-strncmp.o)

.debug_str      0x00000000     0x14ab
 *(.debug_str)
 .debug_str     0x00000000      0x203 .\CortexM3\ARM_GCC_473\Debug\main.o
                                0x247 (size before relaxing)
 .debug_str     0x00000203       0x77 .\CortexM3\ARM_GCC_473\Debug\cymetadata.o
                                0x1aa (size before relaxing)
 .debug_str     0x0000027a      0x112 .\CortexM3\ARM_GCC_473\Debug\Cm3Start.o
                                0x266 (size before relaxing)
 .debug_str     0x0000038c      0x157 .\CortexM3\ARM_GCC_473\Debug\PFinalWav.a(cyfitter_cfg.o)
                                0x2b7 (size before relaxing)
 .debug_str     0x000004e3      0x642 .\CortexM3\ARM_GCC_473\Debug\PFinalWav.a(CyLib.o)
                                0x7cc (size before relaxing)
 .debug_str     0x00000b25      0x371 .\CortexM3\ARM_GCC_473\Debug\PFinalWav.a(cyPm.o)
                                0x4db (size before relaxing)
 .debug_str     0x00000e96       0xa5 .\CortexM3\ARM_GCC_473\Debug\PFinalWav.a(VDAC8.o)
                                0x1df (size before relaxing)
 .debug_str     0x00000f3b       0x95 .\CortexM3\ARM_GCC_473\Debug\PFinalWav.a(Pin_Play_Pause.o)
                                0x1cf (size before relaxing)
 .debug_str     0x00000fd0       0xf6 .\CortexM3\ARM_GCC_473\Debug\PFinalWav.a(isrWAV.o)
                                0x268 (size before relaxing)
 .debug_str     0x000010c6      0x1b7 .\CortexM3\ARM_GCC_473\Debug\PFinalWav.a(LCD_Char.o)
                                0x30b (size before relaxing)
 .debug_str     0x0000127d      0x130 .\CortexM3\ARM_GCC_473\Debug\PFinalWav.a(CyFlash.o)
                                0x2a1 (size before relaxing)
 .debug_str     0x000013ad       0xfe .\CortexM3\ARM_GCC_473\Debug\PFinalWav.a(CySpc.o)
                                0x27d (size before relaxing)

.debug_loc      0x00000000     0x2076
 *(.debug_loc)
 .debug_loc     0x00000000      0x146 .\CortexM3\ARM_GCC_473\Debug\main.o
 .debug_loc     0x00000146      0x100 .\CortexM3\ARM_GCC_473\Debug\Cm3Start.o
 .debug_loc     0x00000246      0x1f8 .\CortexM3\ARM_GCC_473\Debug\PFinalWav.a(cyfitter_cfg.o)
 .debug_loc     0x0000043e      0xce0 .\CortexM3\ARM_GCC_473\Debug\PFinalWav.a(CyLib.o)
 .debug_loc     0x0000111e      0x2e8 .\CortexM3\ARM_GCC_473\Debug\PFinalWav.a(cyPm.o)
 .debug_loc     0x00001406      0x190 .\CortexM3\ARM_GCC_473\Debug\PFinalWav.a(VDAC8.o)
 .debug_loc     0x00001596       0xc8 .\CortexM3\ARM_GCC_473\Debug\PFinalWav.a(Pin_Play_Pause.o)
 .debug_loc     0x0000165e      0x278 .\CortexM3\ARM_GCC_473\Debug\PFinalWav.a(isrWAV.o)
 .debug_loc     0x000018d6      0x318 .\CortexM3\ARM_GCC_473\Debug\PFinalWav.a(LCD_Char.o)
 .debug_loc     0x00001bee      0x258 .\CortexM3\ARM_GCC_473\Debug\PFinalWav.a(CyFlash.o)
 .debug_loc     0x00001e46      0x230 .\CortexM3\ARM_GCC_473\Debug\PFinalWav.a(CySpc.o)

.debug_macinfo
 *(.debug_macinfo)

.debug_ranges   0x00000000      0x560
 *(.debug_ranges)
 .debug_ranges  0x00000000       0x38 .\CortexM3\ARM_GCC_473\Debug\main.o
 .debug_ranges  0x00000038       0x30 .\CortexM3\ARM_GCC_473\Debug\Cm3Start.o
 .debug_ranges  0x00000068       0x50 .\CortexM3\ARM_GCC_473\Debug\PFinalWav.a(cyfitter_cfg.o)
 .debug_ranges  0x000000b8      0x208 .\CortexM3\ARM_GCC_473\Debug\PFinalWav.a(CyLib.o)
 .debug_ranges  0x000002c0       0x80 .\CortexM3\ARM_GCC_473\Debug\PFinalWav.a(cyPm.o)
 .debug_ranges  0x00000340       0x48 .\CortexM3\ARM_GCC_473\Debug\PFinalWav.a(VDAC8.o)
 .debug_ranges  0x00000388       0x28 .\CortexM3\ARM_GCC_473\Debug\PFinalWav.a(Pin_Play_Pause.o)
 .debug_ranges  0x000003b0       0x70 .\CortexM3\ARM_GCC_473\Debug\PFinalWav.a(isrWAV.o)
 .debug_ranges  0x00000420       0x80 .\CortexM3\ARM_GCC_473\Debug\PFinalWav.a(LCD_Char.o)
 .debug_ranges  0x000004a0       0x68 .\CortexM3\ARM_GCC_473\Debug\PFinalWav.a(CyFlash.o)
 .debug_ranges  0x00000508       0x58 .\CortexM3\ARM_GCC_473\Debug\PFinalWav.a(CySpc.o)

.comment        0x00000000       0x70
 .comment       0x00000000       0x70 .\CortexM3\ARM_GCC_473\Debug\main.o
                                 0x71 (size before relaxing)
 .comment       0x00000000       0x71 .\CortexM3\ARM_GCC_473\Debug\cymetadata.o
 .comment       0x00000000       0x71 .\CortexM3\ARM_GCC_473\Debug\Cm3Start.o
 .comment       0x00000000       0x71 .\CortexM3\ARM_GCC_473\Debug\PFinalWav.a(cyfitter_cfg.o)
 .comment       0x00000000       0x71 .\CortexM3\ARM_GCC_473\Debug\PFinalWav.a(CyLib.o)
 .comment       0x00000000       0x71 .\CortexM3\ARM_GCC_473\Debug\PFinalWav.a(cyPm.o)
 .comment       0x00000000       0x71 .\CortexM3\ARM_GCC_473\Debug\PFinalWav.a(VDAC8.o)
 .comment       0x00000000       0x71 .\CortexM3\ARM_GCC_473\Debug\PFinalWav.a(Pin_Play_Pause.o)
 .comment       0x00000000       0x71 .\CortexM3\ARM_GCC_473\Debug\PFinalWav.a(isrWAV.o)
 .comment       0x00000000       0x71 .\CortexM3\ARM_GCC_473\Debug\PFinalWav.a(LCD_Char.o)
 .comment       0x00000000       0x71 .\CortexM3\ARM_GCC_473\Debug\PFinalWav.a(CyFlash.o)
 .comment       0x00000000       0x71 .\CortexM3\ARM_GCC_473\Debug\PFinalWav.a(CySpc.o)

.debug_weaknames
 *(.debug_weaknames)

.debug_funcnames
 *(.debug_funcnames)

.debug_typenames
 *(.debug_typenames)

.debug_varnames
 *(.debug_varnames)

.note.gnu.arm.ident
 *(.note.gnu.arm.ident)

.ARM.attributes
                0x00000000       0x29
 *(.ARM.attributes)
 .ARM.attributes
                0x00000000       0x1d c:/program files (x86)/cypress/psoc creator/3.0/psoc creator/import/gnu_cs/arm/4.7.3/bin/../lib/gcc/arm-none-eabi/4.7.3/armv7-m/crti.o
 .ARM.attributes
                0x0000001d       0x2d c:/program files (x86)/cypress/psoc creator/3.0/psoc creator/import/gnu_cs/arm/4.7.3/bin/../lib/gcc/arm-none-eabi/4.7.3/armv7-m/crtbegin.o
 .ARM.attributes
                0x0000004a       0x1b c:/program files (x86)/cypress/psoc creator/3.0/psoc creator/import/gnu_cs/arm/4.7.3/bin/../lib/gcc/arm-none-eabi/4.7.3/../../../../arm-none-eabi/lib/armv7-m/crt0.o
 .ARM.attributes
                0x00000065       0x33 .\CortexM3\ARM_GCC_473\Debug\main.o
 .ARM.attributes
                0x00000098       0x33 .\CortexM3\ARM_GCC_473\Debug\cymetadata.o
 .ARM.attributes
                0x000000cb       0x33 .\CortexM3\ARM_GCC_473\Debug\Cm3Start.o
 .ARM.attributes
                0x000000fe       0x33 .\CortexM3\ARM_GCC_473\Debug\PFinalWav.a(cyfitter_cfg.o)
 .ARM.attributes
                0x00000131       0x21 .\CortexM3\ARM_GCC_473\Debug\PFinalWav.a(CyBootAsmGnu.o)
 .ARM.attributes
                0x00000152       0x33 .\CortexM3\ARM_GCC_473\Debug\PFinalWav.a(CyLib.o)
 .ARM.attributes
                0x00000185       0x33 .\CortexM3\ARM_GCC_473\Debug\PFinalWav.a(cyPm.o)
 .ARM.attributes
                0x000001b8       0x33 .\CortexM3\ARM_GCC_473\Debug\PFinalWav.a(VDAC8.o)
 .ARM.attributes
                0x000001eb       0x33 .\CortexM3\ARM_GCC_473\Debug\PFinalWav.a(Pin_Play_Pause.o)
 .ARM.attributes
                0x0000021e       0x33 .\CortexM3\ARM_GCC_473\Debug\PFinalWav.a(isrWAV.o)
 .ARM.attributes
                0x00000251       0x33 .\CortexM3\ARM_GCC_473\Debug\PFinalWav.a(LCD_Char.o)
 .ARM.attributes
                0x00000284       0x33 .\CortexM3\ARM_GCC_473\Debug\PFinalWav.a(CyFlash.o)
 .ARM.attributes
                0x000002b7       0x33 .\CortexM3\ARM_GCC_473\Debug\PFinalWav.a(CySpc.o)
 .ARM.attributes
                0x000002ea       0x2d c:/program files (x86)/cypress/psoc creator/3.0/psoc creator/import/gnu_cs/arm/4.7.3/bin/../lib/gcc/arm-none-eabi/4.7.3/../../../../arm-none-eabi/lib/armv7-m\libc_s.a(lib_a-__atexit2.o)
 .ARM.attributes
                0x00000317       0x2d c:/program files (x86)/cypress/psoc creator/3.0/psoc creator/import/gnu_cs/arm/4.7.3/bin/../lib/gcc/arm-none-eabi/4.7.3/../../../../arm-none-eabi/lib/armv7-m\libc_s.a(lib_a-exit.o)
 .ARM.attributes
                0x00000344       0x2d c:/program files (x86)/cypress/psoc creator/3.0/psoc creator/import/gnu_cs/arm/4.7.3/bin/../lib/gcc/arm-none-eabi/4.7.3/../../../../arm-none-eabi/lib/armv7-m\libc_s.a(lib_a-fini.o)
 .ARM.attributes
                0x00000371       0x2d c:/program files (x86)/cypress/psoc creator/3.0/psoc creator/import/gnu_cs/arm/4.7.3/bin/../lib/gcc/arm-none-eabi/4.7.3/../../../../arm-none-eabi/lib/armv7-m\libc_s.a(lib_a-impure.o)
 .ARM.attributes
                0x0000039e       0x2d c:/program files (x86)/cypress/psoc creator/3.0/psoc creator/import/gnu_cs/arm/4.7.3/bin/../lib/gcc/arm-none-eabi/4.7.3/../../../../arm-none-eabi/lib/armv7-m\libc_s.a(lib_a-init.o)
 .ARM.attributes
                0x000003cb       0x2d c:/program files (x86)/cypress/psoc creator/3.0/psoc creator/import/gnu_cs/arm/4.7.3/bin/../lib/gcc/arm-none-eabi/4.7.3/../../../../arm-none-eabi/lib/armv7-m\libc_s.a(lib_a-memcpy.o)
 .ARM.attributes
                0x000003f8       0x2d c:/program files (x86)/cypress/psoc creator/3.0/psoc creator/import/gnu_cs/arm/4.7.3/bin/../lib/gcc/arm-none-eabi/4.7.3/../../../../arm-none-eabi/lib/armv7-m\libc_s.a(lib_a-memset.o)
 .ARM.attributes
                0x00000425       0x2d c:/program files (x86)/cypress/psoc creator/3.0/psoc creator/import/gnu_cs/arm/4.7.3/bin/../lib/gcc/arm-none-eabi/4.7.3/../../../../arm-none-eabi/lib/armv7-m\libc_s.a(lib_a-strncmp.o)
 .ARM.attributes
                0x00000452       0x2d c:/program files (x86)/cypress/psoc creator/3.0/psoc creator/import/gnu_cs/arm/4.7.3/bin/../lib/gcc/arm-none-eabi/4.7.3/armv7-m/crtend.o
 .ARM.attributes
                0x0000047f       0x1d c:/program files (x86)/cypress/psoc creator/3.0/psoc creator/import/gnu_cs/arm/4.7.3/bin/../lib/gcc/arm-none-eabi/4.7.3/armv7-m/crtn.o

/DISCARD/
 *(.note.GNU-stack)
OUTPUT(.\CortexM3\ARM_GCC_473\Debug\PFinalWav.elf elf32-littlearm)
